// Jest Snapshot v1, https://goo.gl/fbAQLP

exports[`<InputSearch /> should match the snapshot 1`] = `
<div>
  <div
    class="input-search-container"
  >
    <input
      class="ant-input css-dev-only-do-not-override-1hpnbz2 ant-input-outlined"
      placeholder="Type the city name"
      type="text"
      value=""
    />
    <button
      class="ant-btn css-dev-only-do-not-override-1hpnbz2 ant-btn-primary ant-btn-color-primary ant-btn-variant-solid"
      disabled=""
      type="button"
    >
      <span>
        Search
      </span>
    </button>
  </div>
</div>
`;
